<?xml version="1.0" encoding="ISO-8859-1" ?>
<link_info>
   <banner>MSP430 Linker PC v21.6.1.LTS</banner>
   <copyright>Copyright (c) 2003-2018 Texas Instruments Incorporated</copyright>
   <link_time>0x641a23d4</link_time>
   <link_errors>0x1</link_errors>
   <output_file>I2C to USB.out</output_file>
   <entry_point>
      <name>_c_int00_noargs</name>
      <address>0x1cc6</address>
   </entry_point>
   <input_file_list>
      <input_file id="fl-2">
         <path>.\</path>
         <kind>object</kind>
         <file>BCUart.obj</file>
         <name>BCUart.obj</name>
      </input_file>
      <input_file id="fl-3">
         <path>.\</path>
         <kind>object</kind>
         <file>hal.obj</file>
         <name>hal.obj</name>
      </input_file>
      <input_file id="fl-4">
         <path>.\</path>
         <kind>object</kind>
         <file>main.obj</file>
         <name>main.obj</name>
      </input_file>
      <input_file id="fl-5">
         <path>.\</path>
         <kind>object</kind>
         <file>system_pre_init.obj</file>
         <name>system_pre_init.obj</name>
      </input_file>
      <input_file id="fl-6">
         <path>.\USB_API\USB_CDC_API\</path>
         <kind>object</kind>
         <file>UsbCdc.obj</file>
         <name>UsbCdc.obj</name>
      </input_file>
      <input_file id="fl-7">
         <path>.\USB_API\USB_Common\</path>
         <kind>object</kind>
         <file>usb.obj</file>
         <name>usb.obj</name>
      </input_file>
      <input_file id="fl-8">
         <path>.\USB_API\USB_Common\</path>
         <kind>object</kind>
         <file>usbdma.obj</file>
         <name>usbdma.obj</name>
      </input_file>
      <input_file id="fl-9">
         <path>.\USB_API\USB_HID_API\</path>
         <kind>object</kind>
         <file>UsbHid.obj</file>
         <name>UsbHid.obj</name>
      </input_file>
      <input_file id="fl-a">
         <path>.\USB_API\USB_HID_API\</path>
         <kind>object</kind>
         <file>UsbHidReq.obj</file>
         <name>UsbHidReq.obj</name>
      </input_file>
      <input_file id="fl-b">
         <path>.\USB_API\USB_MSC_API\</path>
         <kind>object</kind>
         <file>UsbMscReq.obj</file>
         <name>UsbMscReq.obj</name>
      </input_file>
      <input_file id="fl-c">
         <path>.\USB_API\USB_MSC_API\</path>
         <kind>object</kind>
         <file>UsbMscScsi.obj</file>
         <name>UsbMscScsi.obj</name>
      </input_file>
      <input_file id="fl-d">
         <path>.\USB_API\USB_MSC_API\</path>
         <kind>object</kind>
         <file>UsbMscStateMachine.obj</file>
         <name>UsbMscStateMachine.obj</name>
      </input_file>
      <input_file id="fl-e">
         <path>.\USB_API\USB_PHDC_API\</path>
         <kind>object</kind>
         <file>UsbPHDC.obj</file>
         <name>UsbPHDC.obj</name>
      </input_file>
      <input_file id="fl-f">
         <path>.\USB_app\</path>
         <kind>object</kind>
         <file>usbConstructs.obj</file>
         <name>usbConstructs.obj</name>
      </input_file>
      <input_file id="fl-10">
         <path>.\USB_app\</path>
         <kind>object</kind>
         <file>usbEventHandling.obj</file>
         <name>usbEventHandling.obj</name>
      </input_file>
      <input_file id="fl-11">
         <path>.\USB_config\</path>
         <kind>object</kind>
         <file>UsbIsr.obj</file>
         <name>UsbIsr.obj</name>
      </input_file>
      <input_file id="fl-12">
         <path>.\USB_config\</path>
         <kind>object</kind>
         <file>descriptors.obj</file>
         <name>descriptors.obj</name>
      </input_file>
      <input_file id="fl-13">
         <path>.\driverlib\MSP430F5xx_6xx\</path>
         <kind>object</kind>
         <file>adc10_a.obj</file>
         <name>adc10_a.obj</name>
      </input_file>
      <input_file id="fl-14">
         <path>.\driverlib\MSP430F5xx_6xx\</path>
         <kind>object</kind>
         <file>adc12_a.obj</file>
         <name>adc12_a.obj</name>
      </input_file>
      <input_file id="fl-15">
         <path>.\driverlib\MSP430F5xx_6xx\</path>
         <kind>object</kind>
         <file>aes.obj</file>
         <name>aes.obj</name>
      </input_file>
      <input_file id="fl-16">
         <path>.\driverlib\MSP430F5xx_6xx\</path>
         <kind>object</kind>
         <file>battbak.obj</file>
         <name>battbak.obj</name>
      </input_file>
      <input_file id="fl-17">
         <path>.\driverlib\MSP430F5xx_6xx\</path>
         <kind>object</kind>
         <file>comp_b.obj</file>
         <name>comp_b.obj</name>
      </input_file>
      <input_file id="fl-18">
         <path>.\driverlib\MSP430F5xx_6xx\</path>
         <kind>object</kind>
         <file>crc.obj</file>
         <name>crc.obj</name>
      </input_file>
      <input_file id="fl-19">
         <path>.\driverlib\MSP430F5xx_6xx\</path>
         <kind>object</kind>
         <file>dac12_a.obj</file>
         <name>dac12_a.obj</name>
      </input_file>
      <input_file id="fl-1a">
         <path>.\driverlib\MSP430F5xx_6xx\</path>
         <kind>object</kind>
         <file>dma.obj</file>
         <name>dma.obj</name>
      </input_file>
      <input_file id="fl-1b">
         <path>.\driverlib\MSP430F5xx_6xx\</path>
         <kind>object</kind>
         <file>eusci_a_spi.obj</file>
         <name>eusci_a_spi.obj</name>
      </input_file>
      <input_file id="fl-1c">
         <path>.\driverlib\MSP430F5xx_6xx\</path>
         <kind>object</kind>
         <file>eusci_a_uart.obj</file>
         <name>eusci_a_uart.obj</name>
      </input_file>
      <input_file id="fl-1d">
         <path>.\driverlib\MSP430F5xx_6xx\</path>
         <kind>object</kind>
         <file>eusci_b_i2c.obj</file>
         <name>eusci_b_i2c.obj</name>
      </input_file>
      <input_file id="fl-1e">
         <path>.\driverlib\MSP430F5xx_6xx\</path>
         <kind>object</kind>
         <file>eusci_b_spi.obj</file>
         <name>eusci_b_spi.obj</name>
      </input_file>
      <input_file id="fl-1f">
         <path>.\driverlib\MSP430F5xx_6xx\</path>
         <kind>object</kind>
         <file>flashctl.obj</file>
         <name>flashctl.obj</name>
      </input_file>
      <input_file id="fl-20">
         <path>.\driverlib\MSP430F5xx_6xx\</path>
         <kind>object</kind>
         <file>gpio.obj</file>
         <name>gpio.obj</name>
      </input_file>
      <input_file id="fl-21">
         <path>.\driverlib\MSP430F5xx_6xx\</path>
         <kind>object</kind>
         <file>ldopwr.obj</file>
         <name>ldopwr.obj</name>
      </input_file>
      <input_file id="fl-22">
         <path>.\driverlib\MSP430F5xx_6xx\</path>
         <kind>object</kind>
         <file>mpy32.obj</file>
         <name>mpy32.obj</name>
      </input_file>
      <input_file id="fl-23">
         <path>.\driverlib\MSP430F5xx_6xx\</path>
         <kind>object</kind>
         <file>pmap.obj</file>
         <name>pmap.obj</name>
      </input_file>
      <input_file id="fl-24">
         <path>.\driverlib\MSP430F5xx_6xx\</path>
         <kind>object</kind>
         <file>pmm.obj</file>
         <name>pmm.obj</name>
      </input_file>
      <input_file id="fl-25">
         <path>.\driverlib\MSP430F5xx_6xx\</path>
         <kind>object</kind>
         <file>ram.obj</file>
         <name>ram.obj</name>
      </input_file>
      <input_file id="fl-26">
         <path>.\driverlib\MSP430F5xx_6xx\</path>
         <kind>object</kind>
         <file>ref.obj</file>
         <name>ref.obj</name>
      </input_file>
      <input_file id="fl-27">
         <path>.\driverlib\MSP430F5xx_6xx\</path>
         <kind>object</kind>
         <file>rtc_a.obj</file>
         <name>rtc_a.obj</name>
      </input_file>
      <input_file id="fl-28">
         <path>.\driverlib\MSP430F5xx_6xx\</path>
         <kind>object</kind>
         <file>rtc_b.obj</file>
         <name>rtc_b.obj</name>
      </input_file>
      <input_file id="fl-29">
         <path>.\driverlib\MSP430F5xx_6xx\</path>
         <kind>object</kind>
         <file>rtc_c.obj</file>
         <name>rtc_c.obj</name>
      </input_file>
      <input_file id="fl-2a">
         <path>.\driverlib\MSP430F5xx_6xx\</path>
         <kind>object</kind>
         <file>sd24_b.obj</file>
         <name>sd24_b.obj</name>
      </input_file>
      <input_file id="fl-2b">
         <path>.\driverlib\MSP430F5xx_6xx\</path>
         <kind>object</kind>
         <file>sfr.obj</file>
         <name>sfr.obj</name>
      </input_file>
      <input_file id="fl-2c">
         <path>.\driverlib\MSP430F5xx_6xx\</path>
         <kind>object</kind>
         <file>sysctl.obj</file>
         <name>sysctl.obj</name>
      </input_file>
      <input_file id="fl-2d">
         <path>.\driverlib\MSP430F5xx_6xx\</path>
         <kind>object</kind>
         <file>tec.obj</file>
         <name>tec.obj</name>
      </input_file>
      <input_file id="fl-2e">
         <path>.\driverlib\MSP430F5xx_6xx\</path>
         <kind>object</kind>
         <file>timer_a.obj</file>
         <name>timer_a.obj</name>
      </input_file>
      <input_file id="fl-2f">
         <path>.\driverlib\MSP430F5xx_6xx\</path>
         <kind>object</kind>
         <file>timer_b.obj</file>
         <name>timer_b.obj</name>
      </input_file>
      <input_file id="fl-30">
         <path>.\driverlib\MSP430F5xx_6xx\</path>
         <kind>object</kind>
         <file>timer_d.obj</file>
         <name>timer_d.obj</name>
      </input_file>
      <input_file id="fl-31">
         <path>.\driverlib\MSP430F5xx_6xx\</path>
         <kind>object</kind>
         <file>tlv.obj</file>
         <name>tlv.obj</name>
      </input_file>
      <input_file id="fl-32">
         <path>.\driverlib\MSP430F5xx_6xx\</path>
         <kind>object</kind>
         <file>ucs.obj</file>
         <name>ucs.obj</name>
      </input_file>
      <input_file id="fl-33">
         <path>.\driverlib\MSP430F5xx_6xx\</path>
         <kind>object</kind>
         <file>usci_a_spi.obj</file>
         <name>usci_a_spi.obj</name>
      </input_file>
      <input_file id="fl-34">
         <path>.\driverlib\MSP430F5xx_6xx\</path>
         <kind>object</kind>
         <file>usci_a_uart.obj</file>
         <name>usci_a_uart.obj</name>
      </input_file>
      <input_file id="fl-35">
         <path>.\driverlib\MSP430F5xx_6xx\</path>
         <kind>object</kind>
         <file>usci_b_i2c.obj</file>
         <name>usci_b_i2c.obj</name>
      </input_file>
      <input_file id="fl-36">
         <path>.\driverlib\MSP430F5xx_6xx\</path>
         <kind>object</kind>
         <file>usci_b_spi.obj</file>
         <name>usci_b_spi.obj</name>
      </input_file>
      <input_file id="fl-37">
         <path>.\driverlib\MSP430F5xx_6xx\</path>
         <kind>object</kind>
         <file>wdt_a.obj</file>
         <name>wdt_a.obj</name>
      </input_file>
      <input_file id="fl-3c">
         <kind>object</kind>
         <file>&lt;internal&gt;</file>
         <name>&lt;internal&gt;</name>
      </input_file>
      <input_file id="fl-57">
         <path>C:\ti\ccs1220\ccs\tools\compiler\ti-cgt-msp430_21.6.1.LTS\lib\</path>
         <kind>archive</kind>
         <file>rts430x_lc_rd_eabi.lib</file>
         <name>div16s.asm.obj</name>
      </input_file>
      <input_file id="fl-58">
         <path>C:\ti\ccs1220\ccs\tools\compiler\ti-cgt-msp430_21.6.1.LTS\lib\</path>
         <kind>archive</kind>
         <file>rts430x_lc_rd_eabi.lib</file>
         <name>div16u.asm.obj</name>
      </input_file>
      <input_file id="fl-59">
         <path>C:\ti\ccs1220\ccs\tools\compiler\ti-cgt-msp430_21.6.1.LTS\lib\</path>
         <kind>archive</kind>
         <file>rts430x_lc_rd_eabi.lib</file>
         <name>div32s.asm.obj</name>
      </input_file>
      <input_file id="fl-5a">
         <path>C:\ti\ccs1220\ccs\tools\compiler\ti-cgt-msp430_21.6.1.LTS\lib\</path>
         <kind>archive</kind>
         <file>rts430x_lc_rd_eabi.lib</file>
         <name>div32u.asm.obj</name>
      </input_file>
      <input_file id="fl-5b">
         <path>C:\ti\ccs1220\ccs\tools\compiler\ti-cgt-msp430_21.6.1.LTS\lib\</path>
         <kind>archive</kind>
         <file>rts430x_lc_rd_eabi.lib</file>
         <name>lsl16.asm.obj</name>
      </input_file>
      <input_file id="fl-5c">
         <path>C:\ti\ccs1220\ccs\tools\compiler\ti-cgt-msp430_21.6.1.LTS\lib\</path>
         <kind>archive</kind>
         <file>rts430x_lc_rd_eabi.lib</file>
         <name>lsl32.asm.obj</name>
      </input_file>
      <input_file id="fl-5d">
         <path>C:\ti\ccs1220\ccs\tools\compiler\ti-cgt-msp430_21.6.1.LTS\lib\</path>
         <kind>archive</kind>
         <file>rts430x_lc_rd_eabi.lib</file>
         <name>lsr16.asm.obj</name>
      </input_file>
      <input_file id="fl-5e">
         <path>C:\ti\ccs1220\ccs\tools\compiler\ti-cgt-msp430_21.6.1.LTS\lib\</path>
         <kind>archive</kind>
         <file>rts430x_lc_rd_eabi.lib</file>
         <name>lsr32.asm.obj</name>
      </input_file>
      <input_file id="fl-5f">
         <path>C:\ti\ccs1220\ccs\tools\compiler\ti-cgt-msp430_21.6.1.LTS\lib\</path>
         <kind>archive</kind>
         <file>rts430x_lc_rd_eabi.lib</file>
         <name>mult16.asm.obj</name>
      </input_file>
      <input_file id="fl-60">
         <path>C:\ti\ccs1220\ccs\tools\compiler\ti-cgt-msp430_21.6.1.LTS\lib\</path>
         <kind>archive</kind>
         <file>rts430x_lc_rd_eabi.lib</file>
         <name>mult16_f5hw.asm.obj</name>
      </input_file>
      <input_file id="fl-61">
         <path>C:\ti\ccs1220\ccs\tools\compiler\ti-cgt-msp430_21.6.1.LTS\lib\</path>
         <kind>archive</kind>
         <file>rts430x_lc_rd_eabi.lib</file>
         <name>mult1632_f5hw.asm.obj</name>
      </input_file>
      <input_file id="fl-62">
         <path>C:\ti\ccs1220\ccs\tools\compiler\ti-cgt-msp430_21.6.1.LTS\lib\</path>
         <kind>archive</kind>
         <file>rts430x_lc_rd_eabi.lib</file>
         <name>mult32.asm.obj</name>
      </input_file>
      <input_file id="fl-63">
         <path>C:\ti\ccs1220\ccs\tools\compiler\ti-cgt-msp430_21.6.1.LTS\lib\</path>
         <kind>archive</kind>
         <file>rts430x_lc_rd_eabi.lib</file>
         <name>mult32_f5hw.asm.obj</name>
      </input_file>
      <input_file id="fl-64">
         <path>C:\ti\ccs1220\ccs\tools\compiler\ti-cgt-msp430_21.6.1.LTS\lib\</path>
         <kind>archive</kind>
         <file>rts430x_lc_rd_eabi.lib</file>
         <name>mult3264_f5hw.asm.obj</name>
      </input_file>
      <input_file id="fl-65">
         <path>C:\ti\ccs1220\ccs\tools\compiler\ti-cgt-msp430_21.6.1.LTS\lib\</path>
         <kind>archive</kind>
         <file>rts430x_lc_rd_eabi.lib</file>
         <name>mult64_f5hw.asm.obj</name>
      </input_file>
      <input_file id="fl-66">
         <path>C:\ti\ccs1220\ccs\tools\compiler\ti-cgt-msp430_21.6.1.LTS\lib\</path>
         <kind>archive</kind>
         <file>rts430x_lc_rd_eabi.lib</file>
         <name>boot.c.obj</name>
      </input_file>
      <input_file id="fl-67">
         <path>C:\ti\ccs1220\ccs\tools\compiler\ti-cgt-msp430_21.6.1.LTS\lib\</path>
         <kind>archive</kind>
         <file>rts430x_lc_rd_eabi.lib</file>
         <name>autoinit.c.obj</name>
      </input_file>
      <input_file id="fl-68">
         <path>C:\ti\ccs1220\ccs\tools\compiler\ti-cgt-msp430_21.6.1.LTS\lib\</path>
         <kind>archive</kind>
         <file>rts430x_lc_rd_eabi.lib</file>
         <name>copy_zero_init.c.obj</name>
      </input_file>
      <input_file id="fl-69">
         <path>C:\ti\ccs1220\ccs\tools\compiler\ti-cgt-msp430_21.6.1.LTS\lib\</path>
         <kind>archive</kind>
         <file>rts430x_lc_rd_eabi.lib</file>
         <name>cpy_tbl.c.obj</name>
      </input_file>
      <input_file id="fl-6a">
         <path>C:\ti\ccs1220\ccs\tools\compiler\ti-cgt-msp430_21.6.1.LTS\lib\</path>
         <kind>archive</kind>
         <file>rts430x_lc_rd_eabi.lib</file>
         <name>mpu_init.c.obj</name>
      </input_file>
      <input_file id="fl-6b">
         <path>C:\ti\ccs1220\ccs\tools\compiler\ti-cgt-msp430_21.6.1.LTS\lib\</path>
         <kind>archive</kind>
         <file>rts430x_lc_rd_eabi.lib</file>
         <name>startup.c.obj</name>
      </input_file>
      <input_file id="fl-6c">
         <path>C:\ti\ccs1220\ccs\tools\compiler\ti-cgt-msp430_21.6.1.LTS\lib\</path>
         <kind>archive</kind>
         <file>rts430x_lc_rd_eabi.lib</file>
         <name>copy_decompress_none.c.obj</name>
      </input_file>
      <input_file id="fl-6d">
         <path>C:\ti\ccs1220\ccs\tools\compiler\ti-cgt-msp430_21.6.1.LTS\lib\</path>
         <kind>archive</kind>
         <file>rts430x_lc_rd_eabi.lib</file>
         <name>copy_decompress_lzss.c.obj</name>
      </input_file>
      <input_file id="fl-6e">
         <path>C:\ti\ccs1220\ccs\tools\compiler\ti-cgt-msp430_21.6.1.LTS\lib\</path>
         <kind>archive</kind>
         <file>rts430x_lc_rd_eabi.lib</file>
         <name>exit.c.obj</name>
      </input_file>
      <input_file id="fl-6f">
         <path>C:\ti\ccs1220\ccs\tools\compiler\ti-cgt-msp430_21.6.1.LTS\lib\</path>
         <kind>archive</kind>
         <file>rts430x_lc_rd_eabi.lib</file>
         <name>_lock.c.obj</name>
      </input_file>
      <input_file id="fl-70">
         <path>C:\ti\ccs1220\ccs\tools\compiler\ti-cgt-msp430_21.6.1.LTS\lib\</path>
         <kind>archive</kind>
         <file>rts430x_lc_rd_eabi.lib</file>
         <name>args_main.c.obj</name>
      </input_file>
      <input_file id="fl-71">
         <path>C:\ti\ccs1220\ccs\tools\compiler\ti-cgt-msp430_21.6.1.LTS\lib\</path>
         <kind>archive</kind>
         <file>rts430x_lc_rd_eabi.lib</file>
         <name>memcpy.c.obj</name>
      </input_file>
      <input_file id="fl-72">
         <path>C:\ti\ccs1220\ccs\tools\compiler\ti-cgt-msp430_21.6.1.LTS\lib\</path>
         <kind>archive</kind>
         <file>rts430x_lc_rd_eabi.lib</file>
         <name>memset.c.obj</name>
      </input_file>
      <input_file id="fl-73">
         <path>C:\ti\ccs1220\ccs\tools\compiler\ti-cgt-msp430_21.6.1.LTS\lib\</path>
         <kind>archive</kind>
         <file>rts430x_lc_rd_eabi.lib</file>
         <name>exit_gvars.c.obj</name>
      </input_file>
   </input_file_list>
   <object_component_list>
      <object_component id="oc-243">
         <name>.text:USBCDC_receiveData</name>
         <load_address>0x200</load_address>
         <run_address>0x200</run_address>
         <size>0x51a</size>
         <input_file_ref idref="fl-6"/>
      </object_component>
      <object_component id="oc-17a">
         <name>.text:USB_reset</name>
         <load_address>0x71a</load_address>
         <run_address>0x71a</run_address>
         <size>0x1d8</size>
         <input_file_ref idref="fl-7"/>
      </object_component>
      <object_component id="oc-f9">
         <name>.text:ProcessUSB</name>
         <load_address>0x8f2</load_address>
         <run_address>0x8f2</run_address>
         <size>0x174</size>
         <input_file_ref idref="fl-4"/>
      </object_component>
      <object_component id="oc-aa">
         <name>.text:main</name>
         <load_address>0xa66</load_address>
         <run_address>0xa66</run_address>
         <size>0x15a</size>
         <input_file_ref idref="fl-4"/>
      </object_component>
      <object_component id="oc-213">
         <name>.text:USB_InitSerialStringDescriptor</name>
         <load_address>0xbc0</load_address>
         <run_address>0xbc0</run_address>
         <size>0x142</size>
         <input_file_ref idref="fl-7"/>
      </object_component>
      <object_component id="oc-204">
         <name>.text:USB_determineFreq</name>
         <load_address>0xd02</load_address>
         <run_address>0xd02</run_address>
         <size>0x138</size>
         <input_file_ref idref="fl-7"/>
      </object_component>
      <object_component id="oc-305">
         <name>.text:CopyUsbToBuff</name>
         <load_address>0xe3a</load_address>
         <run_address>0xe3a</run_address>
         <size>0x136</size>
         <input_file_ref idref="fl-6"/>
      </object_component>
      <object_component id="oc-1b4">
         <name>.text:USBCDC_getInterfaceStatus</name>
         <load_address>0xf70</load_address>
         <run_address>0xf70</run_address>
         <size>0x122</size>
         <input_file_ref idref="fl-6"/>
      </object_component>
      <object_component id="oc-174">
         <name>.text:USB_enable</name>
         <load_address>0x1092</load_address>
         <run_address>0x1092</run_address>
         <size>0xfa</size>
         <input_file_ref idref="fl-7"/>
      </object_component>
      <object_component id="oc-249">
         <name>.text:USBCDC_getBytesInUSBBuffer</name>
         <load_address>0x118c</load_address>
         <run_address>0x118c</run_address>
         <size>0xe0</size>
         <input_file_ref idref="fl-6"/>
      </object_component>
      <object_component id="oc-1ba">
         <name>.text:USBCDC_sendData</name>
         <load_address>0x126c</load_address>
         <run_address>0x126c</run_address>
         <size>0xc2</size>
         <input_file_ref idref="fl-6"/>
      </object_component>
      <object_component id="oc-162">
         <name>.text:USB_init</name>
         <load_address>0x132e</load_address>
         <run_address>0x132e</run_address>
         <size>0xac</size>
         <input_file_ref idref="fl-7"/>
      </object_component>
      <object_component id="oc-2e2">
         <name>.text:DMA_init</name>
         <load_address>0x13da</load_address>
         <run_address>0x13da</run_address>
         <size>0xa6</size>
         <input_file_ref idref="fl-1a"/>
      </object_component>
      <object_component id="oc-109">
         <name>.text:cdcSendDataInBackground</name>
         <load_address>0x1480</load_address>
         <run_address>0x1480</run_address>
         <size>0xa2</size>
         <input_file_ref idref="fl-f"/>
      </object_component>
      <object_component id="oc-188">
         <name>.text:cdcReceiveDataInBuffer</name>
         <load_address>0x1522</load_address>
         <run_address>0x1522</run_address>
         <size>0x9e</size>
         <input_file_ref idref="fl-f"/>
      </object_component>
      <object_component id="oc-2ce">
         <name>.text:TLV_getInfo</name>
         <load_address>0x15c0</load_address>
         <run_address>0x15c0</run_address>
         <size>0x90</size>
         <input_file_ref idref="fl-31"/>
      </object_component>
      <object_component id="oc-3">
         <name>.text:decompress:lzss:__TI_decompress_lzss</name>
         <load_address>0x1650</load_address>
         <run_address>0x1650</run_address>
         <size>0x76</size>
         <input_file_ref idref="fl-6d"/>
      </object_component>
      <object_component id="oc-2e8">
         <name>.text:memcpyDMA</name>
         <load_address>0x16c6</load_address>
         <run_address>0x16c6</run_address>
         <size>0x70</size>
         <input_file_ref idref="fl-8"/>
      </object_component>
      <object_component id="oc-10f">
         <name>.text:I2C_Master_WriteReg</name>
         <load_address>0x1736</load_address>
         <run_address>0x1736</run_address>
         <size>0x66</size>
         <input_file_ref idref="fl-4"/>
      </object_component>
      <object_component id="oc-219">
         <name>.text:USB_initMemcpy</name>
         <load_address>0x179c</load_address>
         <run_address>0x179c</run_address>
         <size>0x5c</size>
         <input_file_ref idref="fl-8"/>
      </object_component>
      <object_component id="oc-ff">
         <name>.text:I2C_Master_ReadReg</name>
         <load_address>0x17f8</load_address>
         <run_address>0x17f8</run_address>
         <size>0x5a</size>
         <input_file_ref idref="fl-4"/>
      </object_component>
      <object_component id="oc-d2">
         <name>.text:SetVcoreUp</name>
         <load_address>0x1852</load_address>
         <run_address>0x1852</run_address>
         <size>0x58</size>
         <input_file_ref idref="fl-4"/>
      </object_component>
      <object_component id="oc-22b">
         <name>.text:UCS_turnOnXT2WithTimeout</name>
         <load_address>0x18aa</load_address>
         <run_address>0x18aa</run_address>
         <size>0x54</size>
         <input_file_ref idref="fl-32"/>
      </object_component>
      <object_component id="oc-13f">
         <name>.text:__TI_auto_init_nobinit_nopinit_hold_wdt:__TI_auto_init_nobinit_nopinit_hold_wdt</name>
         <load_address>0x18fe</load_address>
         <run_address>0x18fe</run_address>
         <size>0x54</size>
         <input_file_ref idref="fl-67"/>
      </object_component>
      <object_component id="oc-2d8">
         <name>.text:memcpyV</name>
         <load_address>0x1952</load_address>
         <run_address>0x1952</run_address>
         <size>0x50</size>
         <input_file_ref idref="fl-8"/>
      </object_component>
      <object_component id="oc-34b">
         <name>.text:DMA_setDstAddress</name>
         <load_address>0x19a2</load_address>
         <run_address>0x19a2</run_address>
         <size>0x4e</size>
         <input_file_ref idref="fl-1a"/>
      </object_component>
      <object_component id="oc-225">
         <name>.text:GPIO_setAsPeripheralModuleFunctionOutputPin</name>
         <load_address>0x19f0</load_address>
         <run_address>0x19f0</run_address>
         <size>0x4e</size>
         <input_file_ref idref="fl-20"/>
      </object_component>
      <object_component id="oc-d8">
         <name>.text:initClockTo16MHz</name>
         <load_address>0x1a3e</load_address>
         <run_address>0x1a3e</run_address>
         <size>0x4c</size>
         <input_file_ref idref="fl-4"/>
      </object_component>
      <object_component id="oc-23b">
         <name>.text:CdcResetData</name>
         <load_address>0x1a8a</load_address>
         <run_address>0x1a8a</run_address>
         <size>0x4a</size>
         <input_file_ref idref="fl-6"/>
      </object_component>
      <object_component id="oc-1c3">
         <name>.text:CopyArray</name>
         <load_address>0x1ad4</load_address>
         <run_address>0x1ad4</run_address>
         <size>0x4a</size>
         <input_file_ref idref="fl-4"/>
      </object_component>
      <object_component id="oc-345">
         <name>.text:DMA_setSrcAddress</name>
         <load_address>0x1b1e</load_address>
         <run_address>0x1b1e</run_address>
         <size>0x4a</size>
         <input_file_ref idref="fl-1a"/>
      </object_component>
      <object_component id="oc-f3">
         <name>.text:USB_setup</name>
         <load_address>0x1b68</load_address>
         <run_address>0x1b68</run_address>
         <size>0x4a</size>
         <input_file_ref idref="fl-7"/>
      </object_component>
      <object_component id="oc-16e">
         <name>.text:USB_getConnectionInformation</name>
         <load_address>0x1bb2</load_address>
         <run_address>0x1bb2</run_address>
         <size>0x40</size>
         <input_file_ref idref="fl-7"/>
      </object_component>
      <object_component id="oc-255">
         <name>.text:usbDisableInEndpointInterrupt</name>
         <load_address>0x1bf2</load_address>
         <run_address>0x1bf2</run_address>
         <size>0x36</size>
         <input_file_ref idref="fl-7"/>
      </object_component>
      <object_component id="oc-25b">
         <name>.text:usbDisableOutEndpointInterrupt</name>
         <load_address>0x1c28</load_address>
         <run_address>0x1c28</run_address>
         <size>0x36</size>
         <input_file_ref idref="fl-7"/>
      </object_component>
      <object_component id="oc-e4">
         <name>.text:initI2C</name>
         <load_address>0x1c5e</load_address>
         <run_address>0x1c5e</run_address>
         <size>0x26</size>
         <input_file_ref idref="fl-4"/>
      </object_component>
      <object_component id="oc-4f">
         <name>.text:decompress:ZI:__TI_zero_init_nomemset:__TI_zero_init_nomemset</name>
         <load_address>0x1c84</load_address>
         <run_address>0x1c84</run_address>
         <size>0x24</size>
         <input_file_ref idref="fl-68"/>
      </object_component>
      <object_component id="oc-357">
         <name>.text:DMA_setTransferSize</name>
         <load_address>0x1ca8</load_address>
         <run_address>0x1ca8</run_address>
         <size>0x1e</size>
         <input_file_ref idref="fl-1a"/>
      </object_component>
      <object_component id="oc-61">
         <name>.text:_isr:_c_int00_noargs</name>
         <load_address>0x1cc6</load_address>
         <run_address>0x1cc6</run_address>
         <size>0x1c</size>
         <input_file_ref idref="fl-66"/>
      </object_component>
      <object_component id="oc-180">
         <name>.text:USB_connect</name>
         <load_address>0x1ce2</load_address>
         <run_address>0x1ce2</run_address>
         <size>0x1a</size>
         <input_file_ref idref="fl-7"/>
      </object_component>
      <object_component id="oc-36f">
         <name>.text:DMA_disableTransfers</name>
         <load_address>0x1cfc</load_address>
         <run_address>0x1cfc</run_address>
         <size>0x18</size>
         <input_file_ref idref="fl-1a"/>
      </object_component>
      <object_component id="oc-35d">
         <name>.text:DMA_enableTransfers</name>
         <load_address>0x1d14</load_address>
         <run_address>0x1d14</run_address>
         <size>0x18</size>
         <input_file_ref idref="fl-1a"/>
      </object_component>
      <object_component id="oc-261">
         <name>.text</name>
         <load_address>0x1d2c</load_address>
         <run_address>0x1d2c</run_address>
         <size>0x18</size>
         <input_file_ref idref="fl-60"/>
      </object_component>
      <object_component id="oc-363">
         <name>.text:DMA_startTransfer</name>
         <load_address>0x1d44</load_address>
         <run_address>0x1d44</run_address>
         <size>0x16</size>
         <input_file_ref idref="fl-1a"/>
      </object_component>
      <object_component id="oc-ea">
         <name>.text:memset</name>
         <load_address>0x1d5a</load_address>
         <run_address>0x1d5a</run_address>
         <size>0x16</size>
         <input_file_ref idref="fl-72"/>
      </object_component>
      <object_component id="oc-2ab">
         <name>.text</name>
         <load_address>0x1d70</load_address>
         <run_address>0x1d70</run_address>
         <size>0x16</size>
         <input_file_ref idref="fl-58"/>
      </object_component>
      <object_component id="oc-369">
         <name>.text:DMA_getInterruptStatus</name>
         <load_address>0x1d86</load_address>
         <run_address>0x1d86</run_address>
         <size>0x14</size>
         <input_file_ref idref="fl-1a"/>
      </object_component>
      <object_component id="oc-42">
         <name>.text:memcpy</name>
         <load_address>0x1d9a</load_address>
         <run_address>0x1d9a</run_address>
         <size>0x14</size>
         <input_file_ref idref="fl-71"/>
      </object_component>
      <object_component id="oc-9">
         <name>.text:decompress:none:__TI_decompress_none</name>
         <load_address>0x1dae</load_address>
         <run_address>0x1dae</run_address>
         <size>0x12</size>
         <input_file_ref idref="fl-6c"/>
      </object_component>
      <object_component id="oc-168">
         <name>.text:USB_setEnabledEvents</name>
         <load_address>0x1dc0</load_address>
         <run_address>0x1dc0</run_address>
         <size>0x10</size>
         <input_file_ref idref="fl-7"/>
      </object_component>
      <object_component id="oc-de">
         <name>.text:initGPIO</name>
         <load_address>0x1dd0</load_address>
         <run_address>0x1dd0</run_address>
         <size>0xe</size>
         <input_file_ref idref="fl-4"/>
      </object_component>
      <object_component id="oc-26c">
         <name>.text:usbRestoreInEndpointInterrupt</name>
         <load_address>0x1dde</load_address>
         <run_address>0x1dde</run_address>
         <size>0xe</size>
         <input_file_ref idref="fl-7"/>
      </object_component>
      <object_component id="oc-272">
         <name>.text:usbRestoreOutEndpointInterrupt</name>
         <load_address>0x1dec</load_address>
         <run_address>0x1dec</run_address>
         <size>0xe</size>
         <input_file_ref idref="fl-7"/>
      </object_component>
      <object_component id="oc-30b">
         <name>.text:USBCDC_handleReceiveCompleted</name>
         <load_address>0x1dfa</load_address>
         <run_address>0x1dfa</run_address>
         <size>0xc</size>
         <input_file_ref idref="fl-10"/>
      </object_component>
      <object_component id="oc-a4">
         <name>.text:_system_pre_init</name>
         <load_address>0x1e06</load_address>
         <run_address>0x1e06</run_address>
         <size>0xa</size>
         <input_file_ref idref="fl-5"/>
      </object_component>
      <object_component id="oc-27a">
         <name>.text</name>
         <load_address>0x1e10</load_address>
         <run_address>0x1e10</run_address>
         <size>0xa</size>
         <input_file_ref idref="fl-5b"/>
      </object_component>
      <object_component id="oc-2b0">
         <name>.text</name>
         <load_address>0x1e1a</load_address>
         <run_address>0x1e1a</run_address>
         <size>0xa</size>
         <input_file_ref idref="fl-5d"/>
      </object_component>
      <object_component id="oc-33f">
         <name>.text:DMA_disableTransferDuringReadModifyWrite</name>
         <load_address>0x1e24</load_address>
         <run_address>0x1e24</run_address>
         <size>0x6</size>
         <input_file_ref idref="fl-1a"/>
      </object_component>
      <object_component id="oc-351">
         <name>.text:DMA_enableTransferDuringReadModifyWrite</name>
         <load_address>0x1e2a</load_address>
         <run_address>0x1e2a</run_address>
         <size>0x6</size>
         <input_file_ref idref="fl-1a"/>
      </object_component>
      <object_component id="oc-20a">
         <name>.text:USB_getVersion</name>
         <load_address>0x1e30</load_address>
         <run_address>0x1e30</run_address>
         <size>0x6</size>
         <input_file_ref idref="fl-7"/>
      </object_component>
      <object_component id="oc-11b">
         <name>.text:abort</name>
         <load_address>0x1e36</load_address>
         <run_address>0x1e36</run_address>
         <size>0x6</size>
         <input_file_ref idref="fl-6e"/>
      </object_component>
      <object_component id="oc-1e1">
         <name>.text:_system_post_cinit</name>
         <load_address>0x1e3c</load_address>
         <run_address>0x1e3c</run_address>
         <size>0x2</size>
         <input_file_ref idref="fl-6b"/>
      </object_component>
      <object_component id="oc-2f7">
         <name>.const:GPIO_PORT_TO_BASE</name>
         <load_address>0x1f30</load_address>
         <run_address>0x1f30</run_address>
         <size>0x1c</size>
         <input_file_ref idref="fl-20"/>
      </object_component>
      <object_component id="oc-2f4">
         <name>.const:.string</name>
         <load_address>0x1f4c</load_address>
         <run_address>0x1f4c</run_address>
         <size>0x14</size>
         <input_file_ref idref="fl-7"/>
      </object_component>
      <object_component id="oc-238">
         <name>.const:stUsbHandle</name>
         <load_address>0x1f60</load_address>
         <run_address>0x1f60</run_address>
         <size>0x10</size>
         <input_file_ref idref="fl-12"/>
      </object_component>
      <object_component id="oc-2d5">
         <name>.const:$P$T0$1</name>
         <load_address>0x1f70</load_address>
         <run_address>0x1f70</run_address>
         <size>0xa</size>
         <input_file_ref idref="fl-8"/>
      </object_component>
      <object_component id="oc-f0">
         <name>.const:.string:$P$T0$1</name>
         <load_address>0x1f7a</load_address>
         <run_address>0x1f7a</run_address>
         <size>0x4</size>
         <input_file_ref idref="fl-4"/>
      </object_component>
      <object_component id="oc-18f">
         <name>.data</name>
         <load_address>0x1f86</load_address>
         <run_address>0x1f86</run_address>
         <size>0x4</size>
         <input_file_ref idref="fl-4"/>
      </object_component>
      <object_component id="oc-221">
         <name>.data</name>
         <load_address>0x1f7e</load_address>
         <run_address>0x1f7e</run_address>
         <size>0x8</size>
         <input_file_ref idref="fl-7"/>
      </object_component>
      <object_component id="oc-301">
         <name>.bss:CdcControl</name>
         <uninitialized>true</uninitialized>
         <run_address>0x1f0e</run_address>
         <size>0x8</size>
         <input_file_ref idref="fl-6"/>
      </object_component>
      <object_component id="oc-266">
         <name>.bss:CdcWriteCtrl</name>
         <uninitialized>true</uninitialized>
         <run_address>0x1ef6</run_address>
         <size>0xc</size>
         <input_file_ref idref="fl-6"/>
      </object_component>
      <object_component id="oc-269">
         <name>.bss:CdcReadCtrl</name>
         <uninitialized>true</uninitialized>
         <run_address>0x1edc</run_address>
         <size>0x1a</size>
         <input_file_ref idref="fl-6"/>
      </object_component>
      <object_component id="oc-232">
         <name>.bss</name>
         <uninitialized>true</uninitialized>
         <run_address>0x1f02</run_address>
         <size>0xb</size>
         <input_file_ref idref="fl-7"/>
      </object_component>
      <object_component id="oc-108">
         <name>.common:g_ReceiveBuffer</name>
         <uninitialized>true</uninitialized>
         <run_address>0x1e3e</run_address>
         <size>0x40</size>
      </object_component>
      <object_component id="oc-105">
         <name>.common:g_RXByteCtr</name>
         <uninitialized>true</uninitialized>
         <run_address>0x1f1e</run_address>
         <size>0x2</size>
      </object_component>
      <object_component id="oc-196">
         <name>.common:g_ReceiveIndex</name>
         <uninitialized>true</uninitialized>
         <run_address>0x1f20</run_address>
         <size>0x2</size>
      </object_component>
      <object_component id="oc-1c2">
         <name>.common:g_TransmitBuffer</name>
         <uninitialized>true</uninitialized>
         <run_address>0x1ea0</run_address>
         <size>0x1e</size>
      </object_component>
      <object_component id="oc-195">
         <name>.common:g_TXByteCtr</name>
         <uninitialized>true</uninitialized>
         <run_address>0x1f22</run_address>
         <size>0x2</size>
      </object_component>
      <object_component id="oc-197">
         <name>.common:g_TransmitIndex</name>
         <uninitialized>true</uninitialized>
         <run_address>0x1f24</run_address>
         <size>0x2</size>
      </object_component>
      <object_component id="oc-193">
         <name>.common:g_TransmitRegAddr</name>
         <uninitialized>true</uninitialized>
         <run_address>0x1f26</run_address>
         <size>0x2</size>
      </object_component>
      <object_component id="oc-194">
         <name>.common:g_RegByteCtr</name>
         <uninitialized>true</uninitialized>
         <run_address>0x1f2e</run_address>
         <size>0x1</size>
      </object_component>
      <object_component id="oc-187">
         <name>.common:g_USBReceiveBuffer</name>
         <uninitialized>true</uninitialized>
         <run_address>0x1ebe</run_address>
         <size>0x1e</size>
      </object_component>
      <object_component id="oc-18e">
         <name>.common:g_USBReceiveIndex</name>
         <uninitialized>true</uninitialized>
         <run_address>0x1f2f</run_address>
         <size>0x1</size>
      </object_component>
      <object_component id="oc-235">
         <name>.common:wBytesRemainingOnIEP0</name>
         <uninitialized>true</uninitialized>
         <run_address>0x1f28</run_address>
         <size>0x2</size>
      </object_component>
      <object_component id="oc-236">
         <name>.common:wBytesRemainingOnOEP0</name>
         <uninitialized>true</uninitialized>
         <run_address>0x1f2a</run_address>
         <size>0x2</size>
      </object_component>
      <object_component id="oc-2cd">
         <name>.common:abramSerialStringDescriptor</name>
         <uninitialized>true</uninitialized>
         <run_address>0x1e7e</run_address>
         <size>0x22</size>
      </object_component>
      <object_component id="oc-237">
         <name>.common:bStatusAction</name>
         <uninitialized>true</uninitialized>
         <run_address>0x1f0d</run_address>
         <size>0x1</size>
      </object_component>
      <object_component id="oc-210">
         <name>.common:wUsbEventMask</name>
         <uninitialized>true</uninitialized>
         <run_address>0x1f2c</run_address>
         <size>0x2</size>
      </object_component>
      <object_component id="oc-2de">
         <name>.common:USB_TX_memcpy</name>
         <uninitialized>true</uninitialized>
         <run_address>0x1f1a</run_address>
         <size>0x4</size>
      </object_component>
      <object_component id="oc-2e1">
         <name>.common:USB_RX_memcpy</name>
         <uninitialized>true</uninitialized>
         <run_address>0x1f16</run_address>
         <size>0x4</size>
      </object_component>
      <object_component id="oc-36">
         <name>.reset</name>
         <load_address>0xfffe</load_address>
         <run_address>0xfffe</run_address>
         <size>0x2</size>
         <input_file_ref idref="fl-66"/>
      </object_component>
      <object_component id="oc-3bc">
         <name>.cinit..data.load</name>
         <load_address>0x20cc</load_address>
         <run_address>0x20cc</run_address>
         <size>0xd</size>
      </object_component>
      <object_component id="oc-3ba">
         <name>__TI_handler_table</name>
         <load_address>0x20da</load_address>
         <run_address>0x20da</run_address>
         <size>0xc</size>
      </object_component>
      <object_component id="oc-3bd">
         <name>.cinit..bss.load</name>
         <load_address>0x20e6</load_address>
         <run_address>0x20e6</run_address>
         <size>0x6</size>
      </object_component>
      <object_component id="oc-3bb">
         <name>__TI_cinit_table</name>
         <load_address>0x20ec</load_address>
         <run_address>0x20ec</run_address>
         <size>0x10</size>
      </object_component>
      <object_component id="oc-253">
         <name>.debug_info</name>
         <load_address>0x0</load_address>
         <run_address>0x0</run_address>
         <size>0x2c0</size>
         <input_file_ref idref="fl-2"/>
      </object_component>
      <object_component id="oc-1a5">
         <name>.debug_info</name>
         <load_address>0x2c0</load_address>
         <run_address>0x2c0</run_address>
         <size>0x26b</size>
         <input_file_ref idref="fl-2"/>
      </object_component>
      <object_component id="oc-3d">
         <name>.debug_info</name>
         <load_address>0x52b</load_address>
         <run_address>0x52b</run_address>
         <size>0x84</size>
         <input_file_ref idref="fl-2"/>
      </object_component>
      <object_component id="oc-1ca">
         <name>.debug_info</name>
         <load_address>0x5af</load_address>
         <run_address>0x5af</run_address>
         <size>0x282</size>
         <input_file_ref idref="fl-2"/>
      </object_component>
      <object_component id="oc-116">
         <name>.debug_info</name>
         <load_address>0x831</load_address>
         <run_address>0x831</run_address>
         <size>0xbb</size>
         <input_file_ref idref="fl-2"/>
      </object_component>
      <object_component id="oc-252">
         <name>.debug_info</name>
         <load_address>0x8ec</load_address>
         <run_address>0x8ec</run_address>
         <size>0x3fc</size>
         <input_file_ref idref="fl-3"/>
      </object_component>
      <object_component id="oc-1aa">
         <name>.debug_info</name>
         <load_address>0xce8</load_address>
         <run_address>0xce8</run_address>
         <size>0x1da</size>
         <input_file_ref idref="fl-3"/>
      </object_component>
      <object_component id="oc-1a0">
         <name>.debug_info</name>
         <load_address>0xec2</load_address>
         <run_address>0xec2</run_address>
         <size>0x105</size>
         <input_file_ref idref="fl-3"/>
      </object_component>
      <object_component id="oc-1af">
         <name>.debug_info</name>
         <load_address>0xfc7</load_address>
         <run_address>0xfc7</run_address>
         <size>0xb30</size>
         <input_file_ref idref="fl-3"/>
      </object_component>
      <object_component id="oc-106">
         <name>.debug_info</name>
         <load_address>0x1af7</load_address>
         <run_address>0x1af7</run_address>
         <size>0x78c</size>
         <input_file_ref idref="fl-4"/>
      </object_component>
      <object_component id="oc-190">
         <name>.debug_info</name>
         <load_address>0x2283</load_address>
         <run_address>0x2283</run_address>
         <size>0xda</size>
         <input_file_ref idref="fl-4"/>
      </object_component>
      <object_component id="oc-f1">
         <name>.debug_info</name>
         <load_address>0x235d</load_address>
         <run_address>0x235d</run_address>
         <size>0xd3</size>
         <input_file_ref idref="fl-4"/>
      </object_component>
      <object_component id="oc-ab">
         <name>.debug_info</name>
         <load_address>0x2430</load_address>
         <run_address>0x2430</run_address>
         <size>0x2ea</size>
         <input_file_ref idref="fl-4"/>
      </object_component>
      <object_component id="oc-d4">
         <name>.debug_info</name>
         <load_address>0x271a</load_address>
         <run_address>0x271a</run_address>
         <size>0x12b</size>
         <input_file_ref idref="fl-4"/>
      </object_component>
      <object_component id="oc-fa">
         <name>.debug_info</name>
         <load_address>0x2845</load_address>
         <run_address>0x2845</run_address>
         <size>0x228</size>
         <input_file_ref idref="fl-4"/>
      </object_component>
      <object_component id="oc-101">
         <name>.debug_info</name>
         <load_address>0x2a6d</load_address>
         <run_address>0x2a6d</run_address>
         <size>0x1a8</size>
         <input_file_ref idref="fl-4"/>
      </object_component>
      <object_component id="oc-110">
         <name>.debug_info</name>
         <load_address>0x2c15</load_address>
         <run_address>0x2c15</run_address>
         <size>0x1ed</size>
         <input_file_ref idref="fl-4"/>
      </object_component>
      <object_component id="oc-1c4">
         <name>.debug_info</name>
         <load_address>0x2e02</load_address>
         <run_address>0x2e02</run_address>
         <size>0x196</size>
         <input_file_ref idref="fl-4"/>
      </object_component>
      <object_component id="oc-da">
         <name>.debug_info</name>
         <load_address>0x2f98</load_address>
         <run_address>0x2f98</run_address>
         <size>0x113</size>
         <input_file_ref idref="fl-4"/>
      </object_component>
      <object_component id="oc-e0">
         <name>.debug_info</name>
         <load_address>0x30ab</load_address>
         <run_address>0x30ab</run_address>
         <size>0x103</size>
         <input_file_ref idref="fl-4"/>
      </object_component>
      <object_component id="oc-e6">
         <name>.debug_info</name>
         <load_address>0x31ae</load_address>
         <run_address>0x31ae</run_address>
         <size>0x101</size>
         <input_file_ref idref="fl-4"/>
      </object_component>
      <object_component id="oc-199">
         <name>.debug_info</name>
         <load_address>0x32af</load_address>
         <run_address>0x32af</run_address>
         <size>0x8b</size>
         <input_file_ref idref="fl-4"/>
      </object_component>
      <object_component id="oc-a5">
         <name>.debug_info</name>
         <load_address>0x333a</load_address>
         <run_address>0x333a</run_address>
         <size>0x135</size>
         <input_file_ref idref="fl-5"/>
      </object_component>
      <object_component id="oc-279">
         <name>.debug_info</name>
         <load_address>0x346f</load_address>
         <run_address>0x346f</run_address>
         <size>0x892</size>
         <input_file_ref idref="fl-6"/>
      </object_component>
      <object_component id="oc-302">
         <name>.debug_info</name>
         <load_address>0x3d01</load_address>
         <run_address>0x3d01</run_address>
         <size>0xef</size>
         <input_file_ref idref="fl-6"/>
      </object_component>
      <object_component id="oc-267">
         <name>.debug_info</name>
         <load_address>0x3df0</load_address>
         <run_address>0x3df0</run_address>
         <size>0xf3</size>
         <input_file_ref idref="fl-6"/>
      </object_component>
      <object_component id="oc-26a">
         <name>.debug_info</name>
         <load_address>0x3ee3</load_address>
         <run_address>0x3ee3</run_address>
         <size>0xf1</size>
         <input_file_ref idref="fl-6"/>
      </object_component>
      <object_component id="oc-23c">
         <name>.debug_info</name>
         <load_address>0x3fd4</load_address>
         <run_address>0x3fd4</run_address>
         <size>0x17d</size>
         <input_file_ref idref="fl-6"/>
      </object_component>
      <object_component id="oc-1bb">
         <name>.debug_info</name>
         <load_address>0x4151</load_address>
         <run_address>0x4151</run_address>
         <size>0x2eb</size>
         <input_file_ref idref="fl-6"/>
      </object_component>
      <object_component id="oc-309">
         <name>.debug_info</name>
         <load_address>0x443c</load_address>
         <run_address>0x443c</run_address>
         <size>0x2dd</size>
         <input_file_ref idref="fl-6"/>
      </object_component>
      <object_component id="oc-247">
         <name>.debug_info</name>
         <load_address>0x4719</load_address>
         <run_address>0x4719</run_address>
         <size>0x72f</size>
         <input_file_ref idref="fl-6"/>
      </object_component>
      <object_component id="oc-1b7">
         <name>.debug_info</name>
         <load_address>0x4e48</load_address>
         <run_address>0x4e48</run_address>
         <size>0x37e</size>
         <input_file_ref idref="fl-6"/>
      </object_component>
      <object_component id="oc-24c">
         <name>.debug_info</name>
         <load_address>0x51c6</load_address>
         <run_address>0x51c6</run_address>
         <size>0x29d</size>
         <input_file_ref idref="fl-6"/>
      </object_component>
      <object_component id="oc-322">
         <name>.debug_info</name>
         <load_address>0x5463</load_address>
         <run_address>0x5463</run_address>
         <size>0x1c5</size>
         <input_file_ref idref="fl-6"/>
      </object_component>
      <object_component id="oc-95">
         <name>.debug_info</name>
         <load_address>0x5628</load_address>
         <run_address>0x5628</run_address>
         <size>0x2c</size>
         <input_file_ref idref="fl-6"/>
      </object_component>
      <object_component id="oc-2c3">
         <name>.debug_info</name>
         <load_address>0x5654</load_address>
         <run_address>0x5654</run_address>
         <size>0x15f</size>
         <input_file_ref idref="fl-6"/>
      </object_component>
      <object_component id="oc-2c8">
         <name>.debug_info</name>
         <load_address>0x57b3</load_address>
         <run_address>0x57b3</run_address>
         <size>0x35</size>
         <input_file_ref idref="fl-6"/>
      </object_component>
      <object_component id="oc-211">
         <name>.debug_info</name>
         <load_address>0x57e8</load_address>
         <run_address>0x57e8</run_address>
         <size>0xaba</size>
         <input_file_ref idref="fl-7"/>
      </object_component>
      <object_component id="oc-233">
         <name>.debug_info</name>
         <load_address>0x62a2</load_address>
         <run_address>0x62a2</run_address>
         <size>0x1a9</size>
         <input_file_ref idref="fl-7"/>
      </object_component>
      <object_component id="oc-222">
         <name>.debug_info</name>
         <load_address>0x644b</load_address>
         <run_address>0x644b</run_address>
         <size>0x19b</size>
         <input_file_ref idref="fl-7"/>
      </object_component>
      <object_component id="oc-20b">
         <name>.debug_info</name>
         <load_address>0x65e6</load_address>
         <run_address>0x65e6</run_address>
         <size>0x149</size>
         <input_file_ref idref="fl-7"/>
      </object_component>
      <object_component id="oc-163">
         <name>.debug_info</name>
         <load_address>0x672f</load_address>
         <run_address>0x672f</run_address>
         <size>0x218</size>
         <input_file_ref idref="fl-7"/>
      </object_component>
      <object_component id="oc-f4">
         <name>.debug_info</name>
         <load_address>0x6947</load_address>
         <run_address>0x6947</run_address>
         <size>0x25f</size>
         <input_file_ref idref="fl-7"/>
      </object_component>
      <object_component id="oc-214">
         <name>.debug_info</name>
         <load_address>0x6ba6</load_address>
         <run_address>0x6ba6</run_address>
         <size>0x1d9</size>
         <input_file_ref idref="fl-7"/>
      </object_component>
      <object_component id="oc-175">
         <name>.debug_info</name>
         <load_address>0x6d7f</load_address>
         <run_address>0x6d7f</run_address>
         <size>0x260</size>
         <input_file_ref idref="fl-7"/>
      </object_component>
      <object_component id="oc-169">
         <name>.debug_info</name>
         <load_address>0x6fdf</load_address>
         <run_address>0x6fdf</run_address>
         <size>0x180</size>
         <input_file_ref idref="fl-7"/>
      </object_component>
      <object_component id="oc-17b">
         <name>.debug_info</name>
         <load_address>0x715f</load_address>
         <run_address>0x715f</run_address>
         <size>0x186</size>
         <input_file_ref idref="fl-7"/>
      </object_component>
      <object_component id="oc-181">
         <name>.debug_info</name>
         <load_address>0x72e5</load_address>
         <run_address>0x72e5</run_address>
         <size>0x143</size>
         <input_file_ref idref="fl-7"/>
      </object_component>
      <object_component id="oc-16f">
         <name>.debug_info</name>
         <load_address>0x7428</load_address>
         <run_address>0x7428</run_address>
         <size>0x17b</size>
         <input_file_ref idref="fl-7"/>
      </object_component>
      <object_component id="oc-256">
         <name>.debug_info</name>
         <load_address>0x75a3</load_address>
         <run_address>0x75a3</run_address>
         <size>0x1d6</size>
         <input_file_ref idref="fl-7"/>
      </object_component>
      <object_component id="oc-26d">
         <name>.debug_info</name>
         <load_address>0x7779</load_address>
         <run_address>0x7779</run_address>
         <size>0x18a</size>
         <input_file_ref idref="fl-7"/>
      </object_component>
      <object_component id="oc-25c">
         <name>.debug_info</name>
         <load_address>0x7903</load_address>
         <run_address>0x7903</run_address>
         <size>0x1d8</size>
         <input_file_ref idref="fl-7"/>
      </object_component>
      <object_component id="oc-273">
         <name>.debug_info</name>
         <load_address>0x7adb</load_address>
         <run_address>0x7adb</run_address>
         <size>0x18c</size>
         <input_file_ref idref="fl-7"/>
      </object_component>
      <object_component id="oc-205">
         <name>.debug_info</name>
         <load_address>0x7c67</load_address>
         <run_address>0x7c67</run_address>
         <size>0x2bd</size>
         <input_file_ref idref="fl-7"/>
      </object_component>
      <object_component id="oc-2b9">
         <name>.debug_info</name>
         <load_address>0x7f24</load_address>
         <run_address>0x7f24</run_address>
         <size>0x96d</size>
         <input_file_ref idref="fl-7"/>
      </object_component>
      <object_component id="oc-2ef">
         <name>.debug_info</name>
         <load_address>0x8891</load_address>
         <run_address>0x8891</run_address>
         <size>0xb2</size>
         <input_file_ref idref="fl-7"/>
      </object_component>
      <object_component id="oc-2be">
         <name>.debug_info</name>
         <load_address>0x8943</load_address>
         <run_address>0x8943</run_address>
         <size>0x8b</size>
         <input_file_ref idref="fl-7"/>
      </object_component>
      <object_component id="oc-2df">
         <name>.debug_info</name>
         <load_address>0x89ce</load_address>
         <run_address>0x89ce</run_address>
         <size>0x4d9</size>
         <input_file_ref idref="fl-8"/>
      </object_component>
      <object_component id="oc-2d6">
         <name>.debug_info</name>
         <load_address>0x8ea7</load_address>
         <run_address>0x8ea7</run_address>
         <size>0xe8</size>
         <input_file_ref idref="fl-8"/>
      </object_component>
      <object_component id="oc-2db">
         <name>.debug_info</name>
         <load_address>0x8f8f</load_address>
         <run_address>0x8f8f</run_address>
         <size>0x1d4</size>
         <input_file_ref idref="fl-8"/>
      </object_component>
      <object_component id="oc-2eb">
         <name>.debug_info</name>
         <load_address>0x9163</load_address>
         <run_address>0x9163</run_address>
         <size>0x2cb</size>
         <input_file_ref idref="fl-8"/>
      </object_component>
      <object_component id="oc-21c">
         <name>.debug_info</name>
         <load_address>0x942e</load_address>
         <run_address>0x942e</run_address>
         <size>0x183</size>
         <input_file_ref idref="fl-8"/>
      </object_component>
      <object_component id="oc-1c1">
         <name>.debug_info</name>
         <load_address>0x95b1</load_address>
         <run_address>0x95b1</run_address>
         <size>0x2d8</size>
         <input_file_ref idref="fl-f"/>
      </object_component>
      <object_component id="oc-10c">
         <name>.debug_info</name>
         <load_address>0x9889</load_address>
         <run_address>0x9889</run_address>
         <size>0x2a8</size>
         <input_file_ref idref="fl-f"/>
      </object_component>
      <object_component id="oc-18a">
         <name>.debug_info</name>
         <load_address>0x9b31</load_address>
         <run_address>0x9b31</run_address>
         <size>0x27e</size>
         <input_file_ref idref="fl-f"/>
      </object_component>
      <object_component id="oc-30c">
         <name>.debug_info</name>
         <load_address>0x9daf</load_address>
         <run_address>0x9daf</run_address>
         <size>0x199</size>
         <input_file_ref idref="fl-10"/>
      </object_component>
      <object_component id="oc-300">
         <name>.debug_info</name>
         <load_address>0x9f48</load_address>
         <run_address>0x9f48</run_address>
         <size>0x55c</size>
         <input_file_ref idref="fl-12"/>
      </object_component>
      <object_component id="oc-239">
         <name>.debug_info</name>
         <load_address>0xa4a4</load_address>
         <run_address>0xa4a4</run_address>
         <size>0xee</size>
         <input_file_ref idref="fl-12"/>
      </object_component>
      <object_component id="oc-33e">
         <name>.debug_info</name>
         <load_address>0xa592</load_address>
         <run_address>0xa592</run_address>
         <size>0x15f</size>
         <input_file_ref idref="fl-1a"/>
      </object_component>
      <object_component id="oc-2e3">
         <name>.debug_info</name>
         <load_address>0xa6f1</load_address>
         <run_address>0xa6f1</run_address>
         <size>0x193</size>
         <input_file_ref idref="fl-1a"/>
      </object_component>
      <object_component id="oc-358">
         <name>.debug_info</name>
         <load_address>0xa884</load_address>
         <run_address>0xa884</run_address>
         <size>0x1e8</size>
         <input_file_ref idref="fl-1a"/>
      </object_component>
      <object_component id="oc-346">
         <name>.debug_info</name>
         <load_address>0xaa6c</load_address>
         <run_address>0xaa6c</run_address>
         <size>0x230</size>
         <input_file_ref idref="fl-1a"/>
      </object_component>
      <object_component id="oc-34c">
         <name>.debug_info</name>
         <load_address>0xac9c</load_address>
         <run_address>0xac9c</run_address>
         <size>0x230</size>
         <input_file_ref idref="fl-1a"/>
      </object_component>
      <object_component id="oc-35e">
         <name>.debug_info</name>
         <load_address>0xaecc</load_address>
         <run_address>0xaecc</run_address>
         <size>0x1a5</size>
         <input_file_ref idref="fl-1a"/>
      </object_component>
      <object_component id="oc-370">
         <name>.debug_info</name>
         <load_address>0xb071</load_address>
         <run_address>0xb071</run_address>
         <size>0x1a7</size>
         <input_file_ref idref="fl-1a"/>
      </object_component>
      <object_component id="oc-364">
         <name>.debug_info</name>
         <load_address>0xb218</load_address>
         <run_address>0xb218</run_address>
         <size>0x1a1</size>
         <input_file_ref idref="fl-1a"/>
      </object_component>
      <object_component id="oc-36a">
         <name>.debug_info</name>
         <load_address>0xb3b9</load_address>
         <run_address>0xb3b9</run_address>
         <size>0x1af</size>
         <input_file_ref idref="fl-1a"/>
      </object_component>
      <object_component id="oc-342">
         <name>.debug_info</name>
         <load_address>0xb568</load_address>
         <run_address>0xb568</run_address>
         <size>0x188</size>
         <input_file_ref idref="fl-1a"/>
      </object_component>
      <object_component id="oc-353">
         <name>.debug_info</name>
         <load_address>0xb6f0</load_address>
         <run_address>0xb6f0</run_address>
         <size>0x186</size>
         <input_file_ref idref="fl-1a"/>
      </object_component>
      <object_component id="oc-378">
         <name>.debug_info</name>
         <load_address>0xb876</load_address>
         <run_address>0xb876</run_address>
         <size>0x172</size>
         <input_file_ref idref="fl-20"/>
      </object_component>
      <object_component id="oc-2f8">
         <name>.debug_info</name>
         <load_address>0xb9e8</load_address>
         <run_address>0xb9e8</run_address>
         <size>0x100</size>
         <input_file_ref idref="fl-20"/>
      </object_component>
      <object_component id="oc-226">
         <name>.debug_info</name>
         <load_address>0xbae8</load_address>
         <run_address>0xbae8</run_address>
         <size>0x237</size>
         <input_file_ref idref="fl-20"/>
      </object_component>
      <object_component id="oc-337">
         <name>.debug_info</name>
         <load_address>0xbd1f</load_address>
         <run_address>0xbd1f</run_address>
         <size>0x16b</size>
         <input_file_ref idref="fl-31"/>
      </object_component>
      <object_component id="oc-2d0">
         <name>.debug_info</name>
         <load_address>0xbe8a</load_address>
         <run_address>0xbe8a</run_address>
         <size>0x22e</size>
         <input_file_ref idref="fl-31"/>
      </object_component>
      <object_component id="oc-22c">
         <name>.debug_info</name>
         <load_address>0xc0b8</load_address>
         <run_address>0xc0b8</run_address>
         <size>0x1d1</size>
         <input_file_ref idref="fl-32"/>
      </object_component>
      <object_component id="oc-2ad">
         <name>.debug_info</name>
         <load_address>0xc289</load_address>
         <run_address>0xc289</run_address>
         <size>0x121</size>
         <input_file_ref idref="fl-58"/>
      </object_component>
      <object_component id="oc-27c">
         <name>.debug_info</name>
         <load_address>0xc3aa</load_address>
         <run_address>0xc3aa</run_address>
         <size>0x120</size>
         <input_file_ref idref="fl-5b"/>
      </object_component>
      <object_component id="oc-2b2">
         <name>.debug_info</name>
         <load_address>0xc4ca</load_address>
         <run_address>0xc4ca</run_address>
         <size>0x120</size>
         <input_file_ref idref="fl-5d"/>
      </object_component>
      <object_component id="oc-263">
         <name>.debug_info</name>
         <load_address>0xc5ea</load_address>
         <run_address>0xc5ea</run_address>
         <size>0x130</size>
         <input_file_ref idref="fl-60"/>
      </object_component>
      <object_component id="oc-34">
         <name>.debug_info</name>
         <load_address>0xc71a</load_address>
         <run_address>0xc71a</run_address>
         <size>0x100</size>
         <input_file_ref idref="fl-66"/>
      </object_component>
      <object_component id="oc-62">
         <name>.debug_info</name>
         <load_address>0xc81a</load_address>
         <run_address>0xc81a</run_address>
         <size>0x17a</size>
         <input_file_ref idref="fl-66"/>
      </object_component>
      <object_component id="oc-1e8">
         <name>.debug_info</name>
         <load_address>0xc994</load_address>
         <run_address>0xc994</run_address>
         <size>0x3fc</size>
         <input_file_ref idref="fl-67"/>
      </object_component>
      <object_component id="oc-141">
         <name>.debug_info</name>
         <load_address>0xcd90</load_address>
         <run_address>0xcd90</run_address>
         <size>0x230</size>
         <input_file_ref idref="fl-67"/>
      </object_component>
      <object_component id="oc-29a">
         <name>.debug_info</name>
         <load_address>0xcfc0</load_address>
         <run_address>0xcfc0</run_address>
         <size>0x39</size>
         <input_file_ref idref="fl-67"/>
      </object_component>
      <object_component id="oc-2a6">
         <name>.debug_info</name>
         <load_address>0xcff9</load_address>
         <run_address>0xcff9</run_address>
         <size>0x2c</size>
         <input_file_ref idref="fl-67"/>
      </object_component>
      <object_component id="oc-1f3">
         <name>.debug_info</name>
         <load_address>0xd025</load_address>
         <run_address>0xd025</run_address>
         <size>0x2c</size>
         <input_file_ref idref="fl-67"/>
      </object_component>
      <object_component id="oc-29f">
         <name>.debug_info</name>
         <load_address>0xd051</load_address>
         <run_address>0xd051</run_address>
         <size>0xcd</size>
         <input_file_ref idref="fl-67"/>
      </object_component>
      <object_component id="oc-a2">
         <name>.debug_info</name>
         <load_address>0xd11e</load_address>
         <run_address>0xd11e</run_address>
         <size>0x17f</size>
         <input_file_ref idref="fl-68"/>
      </object_component>
      <object_component id="oc-51">
         <name>.debug_info</name>
         <load_address>0xd29d</load_address>
         <run_address>0xd29d</run_address>
         <size>0x1d7</size>
         <input_file_ref idref="fl-68"/>
      </object_component>
      <object_component id="oc-9d">
         <name>.debug_info</name>
         <load_address>0xd474</load_address>
         <run_address>0xd474</run_address>
         <size>0x46</size>
         <input_file_ref idref="fl-68"/>
      </object_component>
      <object_component id="oc-1e2">
         <name>.debug_info</name>
         <load_address>0xd4ba</load_address>
         <run_address>0xd4ba</run_address>
         <size>0x150</size>
         <input_file_ref idref="fl-6b"/>
      </object_component>
      <object_component id="oc-4e">
         <name>.debug_info</name>
         <load_address>0xd60a</load_address>
         <run_address>0xd60a</run_address>
         <size>0x18f</size>
         <input_file_ref idref="fl-6c"/>
      </object_component>
      <object_component id="oc-c">
         <name>.debug_info</name>
         <load_address>0xd799</load_address>
         <run_address>0xd799</run_address>
         <size>0x1d3</size>
         <input_file_ref idref="fl-6c"/>
      </object_component>
      <object_component id="oc-49">
         <name>.debug_info</name>
         <load_address>0xd96c</load_address>
         <run_address>0xd96c</run_address>
         <size>0x46</size>
         <input_file_ref idref="fl-6c"/>
      </object_component>
      <object_component id="oc-92">
         <name>.debug_info</name>
         <load_address>0xd9b2</load_address>
         <run_address>0xd9b2</run_address>
         <size>0x17b</size>
         <input_file_ref idref="fl-6d"/>
      </object_component>
      <object_component id="oc-5">
         <name>.debug_info</name>
         <load_address>0xdb2d</load_address>
         <run_address>0xdb2d</run_address>
         <size>0x250</size>
         <input_file_ref idref="fl-6d"/>
      </object_component>
      <object_component id="oc-38">
         <name>.debug_info</name>
         <load_address>0xdd7d</load_address>
         <run_address>0xdd7d</run_address>
         <size>0x60</size>
         <input_file_ref idref="fl-6d"/>
      </object_component>
      <object_component id="oc-c6">
         <name>.debug_info</name>
         <load_address>0xdddd</load_address>
         <run_address>0xdddd</run_address>
         <size>0x46</size>
         <input_file_ref idref="fl-6d"/>
      </object_component>
      <object_component id="oc-8d">
         <name>.debug_info</name>
         <load_address>0xde23</load_address>
         <run_address>0xde23</run_address>
         <size>0x39</size>
         <input_file_ref idref="fl-6d"/>
      </object_component>
      <object_component id="oc-11e">
         <name>.debug_info</name>
         <load_address>0xde5c</load_address>
         <run_address>0xde5c</run_address>
         <size>0x122</size>
         <input_file_ref idref="fl-6e"/>
      </object_component>
      <object_component id="oc-94">
         <name>.debug_info</name>
         <load_address>0xdf7e</load_address>
         <run_address>0xdf7e</run_address>
         <size>0x19a</size>
         <input_file_ref idref="fl-71"/>
      </object_component>
      <object_component id="oc-43">
         <name>.debug_info</name>
         <load_address>0xe118</load_address>
         <run_address>0xe118</run_address>
         <size>0x17a</size>
         <input_file_ref idref="fl-71"/>
      </object_component>
      <object_component id="oc-15f">
         <name>.debug_info</name>
         <load_address>0xe292</load_address>
         <run_address>0xe292</run_address>
         <size>0x177</size>
         <input_file_ref idref="fl-72"/>
      </object_component>
      <object_component id="oc-eb">
         <name>.debug_info</name>
         <load_address>0xe409</load_address>
         <run_address>0xe409</run_address>
         <size>0x275</size>
         <input_file_ref idref="fl-72"/>
      </object_component>
      <object_component id="oc-3bf">
         <name>.debug_info</name>
         <load_address>0xe67e</load_address>
         <run_address>0xe67e</run_address>
         <size>0xa5</size>
      </object_component>
      <object_component id="oc-316">
         <name>.debug_line</name>
         <load_address>0x0</load_address>
         <run_address>0x0</run_address>
         <size>0x6a</size>
         <input_file_ref idref="fl-2"/>
      </object_component>
      <object_component id="oc-1a8">
         <name>.debug_line</name>
         <load_address>0x6a</load_address>
         <run_address>0x6a</run_address>
         <size>0x72</size>
         <input_file_ref idref="fl-2"/>
      </object_component>
      <object_component id="oc-40">
         <name>.debug_line</name>
         <load_address>0xdc</load_address>
         <run_address>0xdc</run_address>
         <size>0x20</size>
         <input_file_ref idref="fl-2"/>
      </object_component>
      <object_component id="oc-1cd">
         <name>.debug_line</name>
         <load_address>0xfc</load_address>
         <run_address>0xfc</run_address>
         <size>0x76</size>
         <input_file_ref idref="fl-2"/>
      </object_component>
      <object_component id="oc-119">
         <name>.debug_line</name>
         <load_address>0x172</load_address>
         <run_address>0x172</run_address>
         <size>0x73</size>
         <input_file_ref idref="fl-2"/>
      </object_component>
      <object_component id="oc-314">
         <name>.debug_line</name>
         <load_address>0x1e5</load_address>
         <run_address>0x1e5</run_address>
         <size>0x80</size>
         <input_file_ref idref="fl-3"/>
      </object_component>
      <object_component id="oc-1ad">
         <name>.debug_line</name>
         <load_address>0x265</load_address>
         <run_address>0x265</run_address>
         <size>0x6d</size>
         <input_file_ref idref="fl-3"/>
      </object_component>
      <object_component id="oc-1a3">
         <name>.debug_line</name>
         <load_address>0x2d2</load_address>
         <run_address>0x2d2</run_address>
         <size>0x41</size>
         <input_file_ref idref="fl-3"/>
      </object_component>
      <object_component id="oc-1b2">
         <name>.debug_line</name>
         <load_address>0x313</load_address>
         <run_address>0x313</run_address>
         <size>0x3f</size>
         <input_file_ref idref="fl-3"/>
      </object_component>
      <object_component id="oc-19f">
         <name>.debug_line</name>
         <load_address>0x352</load_address>
         <run_address>0x352</run_address>
         <size>0xd3</size>
         <input_file_ref idref="fl-4"/>
      </object_component>
      <object_component id="oc-251">
         <name>.debug_line</name>
         <load_address>0x425</load_address>
         <run_address>0x425</run_address>
         <size>0x2d</size>
         <input_file_ref idref="fl-4"/>
      </object_component>
      <object_component id="oc-161">
         <name>.debug_line</name>
         <load_address>0x452</load_address>
         <run_address>0x452</run_address>
         <size>0x2d</size>
         <input_file_ref idref="fl-4"/>
      </object_component>
      <object_component id="oc-ae">
         <name>.debug_line</name>
         <load_address>0x47f</load_address>
         <run_address>0x47f</run_address>
         <size>0xae</size>
         <input_file_ref idref="fl-4"/>
      </object_component>
      <object_component id="oc-d3">
         <name>.debug_line</name>
         <load_address>0x52d</load_address>
         <run_address>0x52d</run_address>
         <size>0x58</size>
         <input_file_ref idref="fl-4"/>
      </object_component>
      <object_component id="oc-fd">
         <name>.debug_line</name>
         <load_address>0x585</load_address>
         <run_address>0x585</run_address>
         <size>0x87</size>
         <input_file_ref idref="fl-4"/>
      </object_component>
      <object_component id="oc-100">
         <name>.debug_line</name>
         <load_address>0x60c</load_address>
         <run_address>0x60c</run_address>
         <size>0x50</size>
         <input_file_ref idref="fl-4"/>
      </object_component>
      <object_component id="oc-113">
         <name>.debug_line</name>
         <load_address>0x65c</load_address>
         <run_address>0x65c</run_address>
         <size>0x50</size>
         <input_file_ref idref="fl-4"/>
      </object_component>
      <object_component id="oc-1c7">
         <name>.debug_line</name>
         <load_address>0x6ac</load_address>
         <run_address>0x6ac</run_address>
         <size>0x52</size>
         <input_file_ref idref="fl-4"/>
      </object_component>
      <object_component id="oc-d9">
         <name>.debug_line</name>
         <load_address>0x6fe</load_address>
         <run_address>0x6fe</run_address>
         <size>0x51</size>
         <input_file_ref idref="fl-4"/>
      </object_component>
      <object_component id="oc-df">
         <name>.debug_line</name>
         <load_address>0x74f</load_address>
         <run_address>0x74f</run_address>
         <size>0x44</size>
         <input_file_ref idref="fl-4"/>
      </object_component>
      <object_component id="oc-e5">
         <name>.debug_line</name>
         <load_address>0x793</load_address>
         <run_address>0x793</run_address>
         <size>0x49</size>
         <input_file_ref idref="fl-4"/>
      </object_component>
      <object_component id="oc-19c">
         <name>.debug_line</name>
         <load_address>0x7dc</load_address>
         <run_address>0x7dc</run_address>
         <size>0x2d</size>
         <input_file_ref idref="fl-4"/>
      </object_component>
      <object_component id="oc-a9">
         <name>.debug_line</name>
         <load_address>0x809</load_address>
         <run_address>0x809</run_address>
         <size>0x4c</size>
         <input_file_ref idref="fl-5"/>
      </object_component>
      <object_component id="oc-321">
         <name>.debug_line</name>
         <load_address>0x855</load_address>
         <run_address>0x855</run_address>
         <size>0x198</size>
         <input_file_ref idref="fl-6"/>
      </object_component>
      <object_component id="oc-37c">
         <name>.debug_line</name>
         <load_address>0x9ed</load_address>
         <run_address>0x9ed</run_address>
         <size>0x43</size>
         <input_file_ref idref="fl-6"/>
      </object_component>
      <object_component id="oc-31b">
         <name>.debug_line</name>
         <load_address>0xa30</load_address>
         <run_address>0xa30</run_address>
         <size>0x43</size>
         <input_file_ref idref="fl-6"/>
      </object_component>
      <object_component id="oc-31d">
         <name>.debug_line</name>
         <load_address>0xa73</load_address>
         <run_address>0xa73</run_address>
         <size>0x43</size>
         <input_file_ref idref="fl-6"/>
      </object_component>
      <object_component id="oc-23f">
         <name>.debug_line</name>
         <load_address>0xab6</load_address>
         <run_address>0xab6</run_address>
         <size>0x6a</size>
         <input_file_ref idref="fl-6"/>
      </object_component>
      <object_component id="oc-1bf">
         <name>.debug_line</name>
         <load_address>0xb20</load_address>
         <run_address>0xb20</run_address>
         <size>0x78</size>
         <input_file_ref idref="fl-6"/>
      </object_component>
      <object_component id="oc-308">
         <name>.debug_line</name>
         <load_address>0xb98</load_address>
         <run_address>0xb98</run_address>
         <size>0x68</size>
         <input_file_ref idref="fl-6"/>
      </object_component>
      <object_component id="oc-246">
         <name>.debug_line</name>
         <load_address>0xc00</load_address>
         <run_address>0xc00</run_address>
         <size>0xee</size>
         <input_file_ref idref="fl-6"/>
      </object_component>
      <object_component id="oc-1b6">
         <name>.debug_line</name>
         <load_address>0xcee</load_address>
         <run_address>0xcee</run_address>
         <size>0x7f</size>
         <input_file_ref idref="fl-6"/>
      </object_component>
      <object_component id="oc-24b">
         <name>.debug_line</name>
         <load_address>0xd6d</load_address>
         <run_address>0xd6d</run_address>
         <size>0x7e</size>
         <input_file_ref idref="fl-6"/>
      </object_component>
      <object_component id="oc-325">
         <name>.debug_line</name>
         <load_address>0xdeb</load_address>
         <run_address>0xdeb</run_address>
         <size>0x43</size>
         <input_file_ref idref="fl-6"/>
      </object_component>
      <object_component id="oc-98">
[...]
      </symbol>
      <symbol id="sm-18">
         <name>pbYBufferAddressEp5</name>
         <value>0x2040</value>
      </symbol>
      <symbol id="sm-19">
         <name>pbXBufferAddressEp85</name>
         <value>0x2080</value>
      </symbol>
      <symbol id="sm-1a">
         <name>pbYBufferAddressEp85</name>
         <value>0x20c0</value>
      </symbol>
      <symbol id="sm-1b">
         <name>pbXBufferAddressEp6</name>
         <value>0x2100</value>
      </symbol>
      <symbol id="sm-1c">
         <name>pbYBufferAddressEp6</name>
         <value>0x2140</value>
      </symbol>
      <symbol id="sm-1d">
         <name>pbXBufferAddressEp86</name>
         <value>0x2180</value>
      </symbol>
      <symbol id="sm-1e">
         <name>pbYBufferAddressEp86</name>
         <value>0x21c0</value>
      </symbol>
      <symbol id="sm-1f">
         <name>pbXBufferAddressEp7</name>
         <value>0x2200</value>
      </symbol>
      <symbol id="sm-20">
         <name>pbYBufferAddressEp7</name>
         <value>0x2240</value>
      </symbol>
      <symbol id="sm-21">
         <name>pbXBufferAddressEp87</name>
         <value>0x2280</value>
      </symbol>
      <symbol id="sm-22">
         <name>pbYBufferAddressEp87</name>
         <value>0x22c0</value>
      </symbol>
      <symbol id="sm-23">
         <name>__TI_CINIT_Base</name>
         <value>0x20ec</value>
      </symbol>
      <symbol id="sm-24">
         <name>__TI_CINIT_Limit</name>
         <value>0x20fc</value>
      </symbol>
      <symbol id="sm-25">
         <name>__TI_CINIT_Warm</name>
         <value>0x20fc</value>
      </symbol>
      <symbol id="sm-26">
         <name>__TI_Handler_Table_Base</name>
         <value>0x20da</value>
      </symbol>
      <symbol id="sm-27">
         <name>__TI_Handler_Table_Limit</name>
         <value>0x20e6</value>
      </symbol>
      <symbol id="sm-28">
         <name>__STACK_SIZE</name>
         <value>0x140</value>
      </symbol>
      <symbol id="sm-29">
         <name>__STACK_END</name>
         <value>0x20cc</value>
      </symbol>
      <symbol id="sm-2a">
         <name>__c_args__</name>
         <value>0xffffffff</value>
      </symbol>
      <symbol id="sm-2b">
         <name>__TI_pprof_out_hndl</name>
         <value>0xffffffff</value>
      </symbol>
      <symbol id="sm-2c">
         <name>__TI_prof_data_start</name>
         <value>0xffffffff</value>
      </symbol>
      <symbol id="sm-2d">
         <name>__TI_prof_data_size</name>
         <value>0xffffffff</value>
      </symbol>
      <symbol id="sm-d7">
         <name>g_ReceiveBuffer</name>
         <value>0x1e3e</value>
      </symbol>
      <symbol id="sm-d8">
         <name>g_RXByteCtr</name>
         <value>0x1f1e</value>
      </symbol>
      <symbol id="sm-d9">
         <name>g_ReceiveIndex</name>
         <value>0x1f20</value>
      </symbol>
      <symbol id="sm-da">
         <name>g_TransmitBuffer</name>
         <value>0x1ea0</value>
      </symbol>
      <symbol id="sm-db">
         <name>g_TXByteCtr</name>
         <value>0x1f22</value>
      </symbol>
      <symbol id="sm-dc">
         <name>g_TransmitIndex</name>
         <value>0x1f24</value>
      </symbol>
      <symbol id="sm-dd">
         <name>g_TransmitRegAddr</name>
         <value>0x1f26</value>
      </symbol>
      <symbol id="sm-de">
         <name>g_RegByteCtr</name>
         <value>0x1f2e</value>
      </symbol>
      <symbol id="sm-df">
         <name>g_USBReceiveBuffer</name>
         <value>0x1ebe</value>
      </symbol>
      <symbol id="sm-e0">
         <name>g_USBReceiveIndex</name>
         <value>0x1f2f</value>
      </symbol>
      <symbol id="sm-e1">
         <name>I2C_Master_ReadReg</name>
         <value>0x17f8</value>
         <object_component_ref idref="oc-ff"/>
      </symbol>
      <symbol id="sm-e2">
         <name>initGPIO</name>
         <value>0x1dd0</value>
         <object_component_ref idref="oc-de"/>
      </symbol>
      <symbol id="sm-e3">
         <name>MasterMode</name>
         <value>0x1f86</value>
         <object_component_ref idref="oc-18f"/>
      </symbol>
      <symbol id="sm-e4">
         <name>CopyArray</name>
         <value>0x1ad4</value>
         <object_component_ref idref="oc-1c3"/>
      </symbol>
      <symbol id="sm-e5">
         <name>initClockTo16MHz</name>
         <value>0x1a3e</value>
         <object_component_ref idref="oc-d8"/>
      </symbol>
      <symbol id="sm-e6">
         <name>main</name>
         <value>0xa66</value>
         <object_component_ref idref="oc-aa"/>
      </symbol>
      <symbol id="sm-e7">
         <name>I2C_Master_WriteReg</name>
         <value>0x1736</value>
         <object_component_ref idref="oc-10f"/>
      </symbol>
      <symbol id="sm-e8">
         <name>initI2C</name>
         <value>0x1c5e</value>
         <object_component_ref idref="oc-e4"/>
      </symbol>
      <symbol id="sm-e9">
         <name>SetVcoreUp</name>
         <value>0x1852</value>
         <object_component_ref idref="oc-d2"/>
      </symbol>
      <symbol id="sm-ea">
         <name>ProcessUSB</name>
         <value>0x8f2</value>
         <object_component_ref idref="oc-f9"/>
      </symbol>
      <symbol id="sm-f3">
         <name>_system_pre_init</name>
         <value>0x1e06</value>
         <object_component_ref idref="oc-a4"/>
      </symbol>
      <symbol id="sm-172">
         <name>USBCDC_receiveData</name>
         <value>0x200</value>
         <object_component_ref idref="oc-243"/>
      </symbol>
      <symbol id="sm-173">
         <name>USBCDC_getBytesInUSBBuffer</name>
         <value>0x118c</value>
         <object_component_ref idref="oc-249"/>
      </symbol>
      <symbol id="sm-174">
         <name>CdcResetData</name>
         <value>0x1a8a</value>
         <object_component_ref idref="oc-23b"/>
      </symbol>
      <symbol id="sm-175">
         <name>USBCDC_getInterfaceStatus</name>
         <value>0xf70</value>
         <object_component_ref idref="oc-1b4"/>
      </symbol>
      <symbol id="sm-176">
         <name>USBCDC_sendData</name>
         <value>0x126c</value>
         <object_component_ref idref="oc-1ba"/>
      </symbol>
      <symbol id="sm-177">
         <name>CopyUsbToBuff</name>
         <value>0xe3a</value>
         <object_component_ref idref="oc-305"/>
      </symbol>
      <symbol id="sm-22e">
         <name>wBytesRemainingOnIEP0</name>
         <value>0x1f28</value>
      </symbol>
      <symbol id="sm-22f">
         <name>wBytesRemainingOnOEP0</name>
         <value>0x1f2a</value>
      </symbol>
      <symbol id="sm-230">
         <name>abramSerialStringDescriptor</name>
         <value>0x1e7e</value>
      </symbol>
      <symbol id="sm-231">
         <name>bStatusAction</name>
         <value>0x1f0d</value>
      </symbol>
      <symbol id="sm-232">
         <name>wUsbEventMask</name>
         <value>0x1f2c</value>
      </symbol>
      <symbol id="sm-233">
         <name>USB_getConnectionInformation</name>
         <value>0x1bb2</value>
         <object_component_ref idref="oc-16e"/>
      </symbol>
      <symbol id="sm-234">
         <name>USB_setup</name>
         <value>0x1b68</value>
         <object_component_ref idref="oc-f3"/>
      </symbol>
      <symbol id="sm-235">
         <name>USB_getVersion</name>
         <value>0x1e30</value>
         <object_component_ref idref="oc-20a"/>
      </symbol>
      <symbol id="sm-236">
         <name>USB_enable</name>
         <value>0x1092</value>
         <object_component_ref idref="oc-174"/>
      </symbol>
      <symbol id="sm-237">
         <name>USB_init</name>
         <value>0x132e</value>
         <object_component_ref idref="oc-162"/>
      </symbol>
      <symbol id="sm-238">
         <name>usbDisableOutEndpointInterrupt</name>
         <value>0x1c28</value>
         <object_component_ref idref="oc-25b"/>
      </symbol>
      <symbol id="sm-239">
         <name>usbRestoreInEndpointInterrupt</name>
         <value>0x1dde</value>
         <object_component_ref idref="oc-26c"/>
      </symbol>
      <symbol id="sm-23a">
         <name>usbRestoreOutEndpointInterrupt</name>
         <value>0x1dec</value>
         <object_component_ref idref="oc-272"/>
      </symbol>
      <symbol id="sm-23b">
         <name>USB_determineFreq</name>
         <value>0xd02</value>
         <object_component_ref idref="oc-204"/>
      </symbol>
      <symbol id="sm-23c">
         <name>USB_InitSerialStringDescriptor</name>
         <value>0xbc0</value>
         <object_component_ref idref="oc-213"/>
      </symbol>
      <symbol id="sm-23d">
         <name>bFunctionSuspended</name>
         <value>0x1f7f</value>
         <object_component_ref idref="oc-221"/>
      </symbol>
      <symbol id="sm-23e">
         <name>VERSION</name>
         <value>0x1f82</value>
         <object_component_ref idref="oc-221"/>
      </symbol>
      <symbol id="sm-23f">
         <name>bEnumerationStatus</name>
         <value>0x1f80</value>
         <object_component_ref idref="oc-221"/>
      </symbol>
      <symbol id="sm-240">
         <name>USB_setEnabledEvents</name>
         <value>0x1dc0</value>
         <object_component_ref idref="oc-168"/>
      </symbol>
      <symbol id="sm-241">
         <name>USB_reset</name>
         <value>0x71a</value>
         <object_component_ref idref="oc-17a"/>
      </symbol>
      <symbol id="sm-242">
         <name>USB_connect</name>
         <value>0x1ce2</value>
         <object_component_ref idref="oc-180"/>
      </symbol>
      <symbol id="sm-243">
         <name>usbDisableInEndpointInterrupt</name>
         <value>0x1bf2</value>
         <object_component_ref idref="oc-255"/>
      </symbol>
      <symbol id="sm-268">
         <name>USB_TX_memcpy</name>
         <value>0x1f1a</value>
      </symbol>
      <symbol id="sm-269">
         <name>USB_RX_memcpy</name>
         <value>0x1f16</value>
      </symbol>
      <symbol id="sm-26a">
         <name>USB_initMemcpy</name>
         <value>0x179c</value>
         <object_component_ref idref="oc-219"/>
      </symbol>
      <symbol id="sm-26b">
         <name>memcpyDMA</name>
         <value>0x16c6</value>
         <object_component_ref idref="oc-2e8"/>
      </symbol>
      <symbol id="sm-26c">
         <name>memcpyV</name>
         <value>0x1952</value>
         <object_component_ref idref="oc-2d8"/>
      </symbol>
      <symbol id="sm-292">
         <name>cdcReceiveDataInBuffer</name>
         <value>0x1522</value>
         <object_component_ref idref="oc-188"/>
      </symbol>
      <symbol id="sm-293">
         <name>cdcSendDataInBackground</name>
         <value>0x1480</value>
         <object_component_ref idref="oc-109"/>
      </symbol>
      <symbol id="sm-29c">
         <name>USBCDC_handleReceiveCompleted</name>
         <value>0x1dfa</value>
         <object_component_ref idref="oc-30b"/>
      </symbol>
      <symbol id="sm-2a7">
         <name>stUsbHandle</name>
         <value>0x1f60</value>
         <object_component_ref idref="oc-238"/>
      </symbol>
      <symbol id="sm-2fb">
         <name>DMA_setSrcAddress</name>
         <value>0x1b1e</value>
         <object_component_ref idref="oc-345"/>
      </symbol>
      <symbol id="sm-2fc">
         <name>DMA_disableTransferDuringReadModifyWrite</name>
         <value>0x1e24</value>
         <object_component_ref idref="oc-33f"/>
      </symbol>
      <symbol id="sm-2fd">
         <name>DMA_setDstAddress</name>
         <value>0x19a2</value>
         <object_component_ref idref="oc-34b"/>
      </symbol>
      <symbol id="sm-2fe">
         <name>DMA_enableTransfers</name>
         <value>0x1d14</value>
         <object_component_ref idref="oc-35d"/>
      </symbol>
      <symbol id="sm-2ff">
         <name>DMA_disableTransfers</name>
         <value>0x1cfc</value>
         <object_component_ref idref="oc-36f"/>
      </symbol>
      <symbol id="sm-300">
         <name>DMA_startTransfer</name>
         <value>0x1d44</value>
         <object_component_ref idref="oc-363"/>
      </symbol>
      <symbol id="sm-301">
         <name>DMA_setTransferSize</name>
         <value>0x1ca8</value>
         <object_component_ref idref="oc-357"/>
      </symbol>
      <symbol id="sm-302">
         <name>DMA_getInterruptStatus</name>
         <value>0x1d86</value>
         <object_component_ref idref="oc-369"/>
      </symbol>
      <symbol id="sm-303">
         <name>DMA_enableTransferDuringReadModifyWrite</name>
         <value>0x1e2a</value>
         <object_component_ref idref="oc-351"/>
      </symbol>
      <symbol id="sm-304">
         <name>DMA_init</name>
         <value>0x13da</value>
         <object_component_ref idref="oc-2e2"/>
      </symbol>
      <symbol id="sm-31c">
         <name>GPIO_setAsPeripheralModuleFunctionOutputPin</name>
         <value>0x19f0</value>
         <object_component_ref idref="oc-225"/>
      </symbol>
      <symbol id="sm-33f">
         <name>TLV_getInfo</name>
         <value>0x15c0</value>
         <object_component_ref idref="oc-2ce"/>
      </symbol>
      <symbol id="sm-34d">
         <name>UCS_turnOnXT2WithTimeout</name>
         <value>0x18aa</value>
         <object_component_ref idref="oc-22b"/>
      </symbol>
      <symbol id="sm-35d">
         <name>__mspabi_remu</name>
         <value>0x1d70</value>
         <object_component_ref idref="oc-2ab"/>
      </symbol>
      <symbol id="sm-35e">
         <name>__mspabi_divu</name>
         <value>0x1d70</value>
         <object_component_ref idref="oc-2ab"/>
      </symbol>
      <symbol id="sm-369">
         <name>__mspabi_slli</name>
         <value>0x1e10</value>
         <object_component_ref idref="oc-27a"/>
      </symbol>
      <symbol id="sm-373">
         <name>__mspabi_srli</name>
         <value>0x1e1a</value>
         <object_component_ref idref="oc-2b0"/>
      </symbol>
      <symbol id="sm-37d">
         <name>__mspabi_mpyi_f5hw</name>
         <value>0x1d2c</value>
         <object_component_ref idref="oc-261"/>
      </symbol>
      <symbol id="sm-392">
         <name>_stack</name>
         <value>0x1f8c</value>
         <object_component_ref idref="oc-33"/>
      </symbol>
      <symbol id="sm-393">
         <name>_c_int00_noargs</name>
         <value>0x1cc6</value>
         <object_component_ref idref="oc-61"/>
      </symbol>
      <symbol id="sm-394">
         <name>_reset_vector</name>
         <value>0xfffe</value>
         <object_component_ref idref="oc-36"/>
      </symbol>
      <symbol id="sm-3b7">
         <name>__TI_auto_init_nobinit_nopinit_hold_wdt</name>
         <value>0x18fe</value>
         <object_component_ref idref="oc-13f"/>
      </symbol>
      <symbol id="sm-3ca">
         <name>__TI_zero_init_nomemset</name>
         <value>0x1c84</value>
         <object_component_ref idref="oc-4f"/>
      </symbol>
      <symbol id="sm-3d5">
         <name>_system_post_cinit</name>
         <value>0x1e3c</value>
         <object_component_ref idref="oc-1e1"/>
      </symbol>
      <symbol id="sm-3e6">
         <name>__TI_decompress_none</name>
         <value>0x1dae</value>
         <object_component_ref idref="oc-9"/>
      </symbol>
      <symbol id="sm-409">
         <name>__TI_decompress_lzss</name>
         <value>0x1650</value>
         <object_component_ref idref="oc-3"/>
      </symbol>
      <symbol id="sm-413">
         <name>C$$EXIT</name>
         <value>0x1e36</value>
         <object_component_ref idref="oc-11b"/>
      </symbol>
      <symbol id="sm-414">
         <name>abort</name>
         <value>0x1e36</value>
         <object_component_ref idref="oc-11b"/>
      </symbol>
      <symbol id="sm-424">
         <name>memcpy</name>
         <value>0x1d9a</value>
         <object_component_ref idref="oc-42"/>
      </symbol>
      <symbol id="sm-432">
         <name>memset</name>
         <value>0x1d5a</value>
         <object_component_ref idref="oc-ea"/>
      </symbol>
      <symbol id="sm-435">
         <name>WDTCTL</name>
         <value>0x0</value>
      </symbol>
      <symbol id="sm-436">
         <name>PMMCTL0_H</name>
         <value>0x0</value>
      </symbol>
      <symbol id="sm-437">
         <name>SVSMHCTL</name>
         <value>0x0</value>
      </symbol>
      <symbol id="sm-438">
         <name>SVSMLCTL</name>
         <value>0x0</value>
      </symbol>
      <symbol id="sm-439">
         <name>PMMIFG</name>
         <value>0x0</value>
      </symbol>
      <symbol id="sm-43a">
         <name>PMMCTL0_L</name>
         <value>0x0</value>
      </symbol>
      <symbol id="sm-43b">
         <name>UCB0I2CSA</name>
         <value>0x0</value>
      </symbol>
      <symbol id="sm-43c">
         <name>UCB0ICTL_H</name>
         <value>0x0</value>
      </symbol>
      <symbol id="sm-43d">
         <name>UCB0ICTL_L</name>
         <value>0x0</value>
      </symbol>
      <symbol id="sm-43e">
         <name>UCB0CTLW0_L</name>
         <value>0x0</value>
      </symbol>
      <symbol id="sm-43f">
         <name>UCSCTL3</name>
         <value>0x0</value>
      </symbol>
      <symbol id="sm-440">
         <name>UCSCTL4</name>
         <value>0x0</value>
      </symbol>
      <symbol id="sm-441">
         <name>UCSCTL0</name>
         <value>0x0</value>
      </symbol>
      <symbol id="sm-442">
         <name>UCSCTL1</name>
         <value>0x0</value>
      </symbol>
      <symbol id="sm-443">
         <name>UCSCTL2</name>
         <value>0x0</value>
      </symbol>
      <symbol id="sm-444">
         <name>UCSCTL7</name>
         <value>0x0</value>
      </symbol>
      <symbol id="sm-445">
         <name>SFRIFG1</name>
         <value>0x0</value>
      </symbol>
      <symbol id="sm-446">
         <name>PBSEL_L</name>
         <value>0x0</value>
      </symbol>
      <symbol id="sm-447">
         <name>PBSEL_H</name>
         <value>0x0</value>
      </symbol>
      <symbol id="sm-448">
         <name>UCB0CTLW0_H</name>
         <value>0x0</value>
      </symbol>
      <symbol id="sm-449">
         <name>UCB0BRW_L</name>
         <value>0x0</value>
      </symbol>
      <symbol id="sm-44a">
         <name>UCB0BRW_H</name>
         <value>0x0</value>
      </symbol>
      <symbol id="sm-44b">
         <name>USBIEPIFG</name>
         <value>0x0</value>
      </symbol>
      <symbol id="sm-44c">
         <name>USBKEYID</name>
         <value>0x0</value>
      </symbol>
      <symbol id="sm-44d">
         <name>USBPHYCTL</name>
         <value>0x0</value>
      </symbol>
      <symbol id="sm-44e">
         <name>USBPWRCTL</name>
         <value>0x0</value>
      </symbol>
      <symbol id="sm-44f">
         <name>USBCNF</name>
         <value>0x0</value>
      </symbol>
      <symbol id="sm-450">
         <name>USBPLLCTL</name>
         <value>0x0</value>
      </symbol>
      <symbol id="sm-451">
         <name>USBPLLDIVB</name>
         <value>0x0</value>
      </symbol>
      <symbol id="sm-452">
         <name>USBPLLIR</name>
         <value>0x0</value>
      </symbol>
      <symbol id="sm-453">
         <name>USBCTL</name>
         <value>0x0</value>
      </symbol>
      <symbol id="sm-454">
         <name>USBFUNADR</name>
         <value>0x0</value>
      </symbol>
      <symbol id="sm-455">
         <name>USBOEPIE</name>
         <value>0x0</value>
      </symbol>
      <symbol id="sm-456">
         <name>USBIEPIE</name>
         <value>0x0</value>
      </symbol>
      <symbol id="sm-457">
         <name>USBIFG</name>
         <value>0x0</value>
      </symbol>
      <symbol id="sm-458">
         <name>USBIE</name>
         <value>0x0</value>
      </symbol>
      <symbol id="sm-459">
         <name>UCSCTL4_L</name>
         <value>0x0</value>
      </symbol>
      <symbol id="sm-45a">
         <name>UCSCTL3_L</name>
         <value>0x0</value>
      </symbol>
      <symbol id="sm-45b">
         <name>UCSCTL5_L</name>
         <value>0x0</value>
      </symbol>
   </symbol_table>
   <title>Link errors: red sections failed placement</title>
</link_info>
